stm32h7b3i_discovery_ospi.c:118:9:BSP_OSPI_NOR_Init	88	static,ignoring_inline_asm
stm32h7b3i_discovery_ospi.c:197:9:BSP_OSPI_NOR_DeInit	24	static
stm32h7b3i_discovery_ospi.c:246:26:MX_OSPI_NOR_Init	16	static
stm32h7b3i_discovery_ospi.c:358:9:BSP_OSPI_NOR_Read	40	static
stm32h7b3i_discovery_ospi.c:394:9:BSP_OSPI_NOR_Write	56	static
stm32h7b3i_discovery_ospi.c:482:9:BSP_OSPI_NOR_Erase_Block	40	static
stm32h7b3i_discovery_ospi.c:517:9:BSP_OSPI_NOR_Erase_Chip	24	static
stm32h7b3i_discovery_ospi.c:552:9:BSP_OSPI_NOR_GetStatus	24	static
stm32h7b3i_discovery_ospi.c:597:9:BSP_OSPI_NOR_GetInfo	24	static
stm32h7b3i_discovery_ospi.c:620:9:BSP_OSPI_NOR_EnableMemoryMappedMode	24	static
stm32h7b3i_discovery_ospi.c:662:9:BSP_OSPI_NOR_DisableMemoryMappedMode	24	static
stm32h7b3i_discovery_ospi.c:696:9:BSP_OSPI_NOR_ReadID	24	static
stm32h7b3i_discovery_ospi.c:726:9:BSP_OSPI_NOR_ConfigFlash	24	static
stm32h7b3i_discovery_ospi.c:804:9:BSP_OSPI_NOR_SuspendErase	24	static
stm32h7b3i_discovery_ospi.c:839:9:BSP_OSPI_NOR_ResumeErase	24	static
stm32h7b3i_discovery_ospi.c:885:13:OSPI_NOR_MspInit	88	static
stm32h7b3i_discovery_ospi.c:977:13:OSPI_NOR_MspDeInit	16	static
stm32h7b3i_discovery_ospi.c:1008:16:OSPI_NOR_ResetMemory	24	static
stm32h7b3i_discovery_ospi.c:1056:16:OSPI_NOR_EnterDOPIMode	32	static
stm32h7b3i_discovery_ospi.c:1121:16:OSPI_NOR_EnterSOPIMode	32	static
stm32h7b3i_discovery_ospi.c:1179:16:OSPI_NOR_ExitOPIMode	32	static
