stm32h7b3i_discovery_bus.c:184:9:BSP_I2C4_Init	16	static
stm32h7b3i_discovery_bus.c:227:9:BSP_I2C4_DeInit	16	static
stm32h7b3i_discovery_bus.c:255:26:MX_I2C4_Init	24	static
stm32h7b3i_discovery_bus.c:301:9:BSP_I2C4_WriteReg	40	static
stm32h7b3i_discovery_bus.c:332:9:BSP_I2C4_ReadReg	40	static
stm32h7b3i_discovery_bus.c:363:9:BSP_I2C4_WriteReg16	40	static
stm32h7b3i_discovery_bus.c:394:9:BSP_I2C4_ReadReg16	40	static
stm32h7b3i_discovery_bus.c:424:9:BSP_I2C4_IsReady	24	static
stm32h7b3i_discovery_bus.c:440:9:BSP_GetTick	8	static
stm32h7b3i_discovery_bus.c:516:17:I2C_GetTiming	32	static
stm32h7b3i_discovery_bus.c:554:13:I2C_Compute_PRESC_SCLDEL_SDADEL	64	static
stm32h7b3i_discovery_bus.c:635:17:I2C_Compute_SCLL_SCLH	80	static
stm32h7b3i_discovery_bus.c:713:13:I2C4_MspInit	48	static
stm32h7b3i_discovery_bus.c:758:13:I2C4_MspDeInit	40	static
stm32h7b3i_discovery_bus.c:784:16:I2C4_WriteReg	40	static
stm32h7b3i_discovery_bus.c:803:16:I2C4_ReadReg	40	static
