stm32g0xx_it.c:78:6:NMI_Handler	0	static
stm32g0xx_it.c:91:6:HardFault_Handler	0	static
stm32g0xx_it.c:106:6:SVC_Handler	0	static
stm32g0xx_it.c:119:6:PendSV_Handler	0	static
stm32g0xx_it.c:132:6:SysTick_Handler	8	static
stm32g0xx_it.c:153:6:EXTI0_1_IRQHandler	8	static
stm32g0xx_it.c:167:6:DMA1_Channel1_IRQHandler	8	static
stm32g0xx_it.c:181:6:DMA1_Channel2_3_IRQHandler	8	static
stm32g0xx_it.c:194:6:TIM6_DAC_LPTIM1_IRQHandler	8	static
stm32g0xx_it.c:208:6:SPI1_IRQHandler	8	static
stm32g0xx_it.c:222:6:SPI2_IRQHandler	8	static
