HAL.hpp:124:18:virtual void touchgfx::HAL::setDisplayOrientation(touchgfx::DisplayOrientation)	0	static
HAL.hpp:635:18:virtual bool touchgfx::HAL::sampleKey(uint8_t&)	0	static
HAL.hpp:825:30:virtual touchgfx::FlashDataReader* touchgfx::HAL::getFlashDataReader() const	0	static
HAL.hpp:974:18:virtual void touchgfx::HAL::taskDelay(uint16_t)	8	static
HAL.hpp:1001:22:virtual uint16_t touchgfx::HAL::getTFTCurrentLine()	0	static
HAL.hpp:1012:21:virtual touchgfx::DMAType touchgfx::HAL::getDMAType()	8	static
HAL.hpp:1149:18:virtual void touchgfx::HAL::InvalidateCache()	0	static
HAL.hpp:1159:18:virtual void touchgfx::HAL::FlushCache()	0	static
TouchGFXGeneratedHAL.hpp:136:18:virtual void TouchGFXGeneratedHAL::setDataReader(touchgfx::FlashDataReader*)	0	static
TouchGFXGeneratedHAL.hpp:149:40:virtual touchgfx::FlashDataReader* TouchGFXGeneratedHAL::getDataReader()	0	static
TouchGFXHAL.hpp:33:7:TouchGFXHAL::~TouchGFXHAL()	0	static
TouchGFXHAL.cpp:55:6:virtual void TouchGFXHAL::initialize()	8	static
HAL.hpp:603:18:virtual void touchgfx::HAL::backPorchExited()	8	static
TouchGFXHAL.cpp:91:11:virtual uint16_t* TouchGFXHAL::getTFTFrameBuffer() const	8	static
TouchGFXHAL.cpp:106:6:virtual void TouchGFXHAL::setTFTFrameBuffer(uint16_t*)	8	static
TouchGFXHAL.cpp:123:6:virtual void TouchGFXHAL::flushFrameBuffer(const touchgfx::Rect&)	8	static
TouchGFXHAL.cpp:135:6:virtual bool TouchGFXHAL::beginFrame()	8	static
TouchGFXHAL.cpp:141:6:virtual void TouchGFXHAL::endFrame()	8	static
TouchGFXHAL.cpp:150:6:virtual bool TouchGFXHAL::blockCopy(void*, const void*, uint32_t)	8	static
TouchGFXHAL.cpp:159:6:virtual void TouchGFXHAL::configureInterrupts()	8	static
TouchGFXHAL.cpp:172:6:virtual void TouchGFXHAL::enableInterrupts()	8	static
TouchGFXHAL.cpp:185:6:virtual void TouchGFXHAL::disableInterrupts()	8	static
TouchGFXHAL.cpp:199:6:virtual void TouchGFXHAL::enableLCDControllerInterrupt()	8	static
HAL.hpp:682:18:virtual void touchgfx::HAL::setFrameBufferStartAddresses(void*, void*, void*)	8	static
HAL.hpp:156:18:virtual void touchgfx::HAL::setFrameBufferSize(uint16_t, uint16_t)	8	static
TouchGFXHAL.hpp:102:18:virtual void TouchGFXHAL::flushFrameBuffer()	8	static
TouchGFXHAL.hpp:33:7:virtual TouchGFXHAL::~TouchGFXHAL()	8	static
HAL.hpp:298:28:virtual touchgfx::BlitOperations touchgfx::HAL::getBlitCaps()	8	static
HAL.hpp:1122:18:virtual void touchgfx::HAL::performDisplayOrientationChange()	8	static
TouchGFXHAL.cpp:207:1:cpp)	0	static
