HAL.hpp:124:18:virtual void touchgfx::HAL::setDisplayOrientation(touchgfx::DisplayOrientation)	0	static
HAL.hpp:635:18:virtual bool touchgfx::HAL::sampleKey(uint8_t&)	0	static
HAL.hpp:825:30:virtual touchgfx::FlashDataReader* touchgfx::HAL::getFlashDataReader() const	0	static
HAL.hpp:974:18:virtual void touchgfx::HAL::taskDelay(uint16_t)	8	static
HAL.hpp:1001:22:virtual uint16_t touchgfx::HAL::getTFTCurrentLine()	0	static
HAL.hpp:1012:21:virtual touchgfx::DMAType touchgfx::HAL::getDMAType()	8	static
HAL.hpp:1149:18:virtual void touchgfx::HAL::InvalidateCache()	0	static
HAL.hpp:1159:18:virtual void touchgfx::HAL::FlushCache()	0	static
TouchGFXGeneratedHAL.hpp:136:18:virtual void TouchGFXGeneratedHAL::setDataReader(touchgfx::FlashDataReader*)	0	static
TouchGFXGeneratedHAL.hpp:149:40:virtual touchgfx::FlashDataReader* TouchGFXGeneratedHAL::getDataReader()	0	static
TouchGFXGeneratedHAL.cpp:61:6:virtual void TouchGFXGeneratedHAL::configureInterrupts()	0	static
TouchGFXGeneratedHAL.cpp:99:11:virtual uint16_t* TouchGFXGeneratedHAL::getTFTFrameBuffer() const	0	static
TouchGFXGeneratedHAL.cpp:105:6:virtual void TouchGFXGeneratedHAL::setTFTFrameBuffer(uint16_t*)	0	static
FrameBufferAllocator.hpp:133:7:touchgfx::ManyBlockAllocator<1920, 3, 2>::~ManyBlockAllocator()	0	static
TouchGFXGeneratedHAL.hpp:31:7:TouchGFXGeneratedHAL::~TouchGFXGeneratedHAL()	0	static
FrameBufferAllocator.hpp:195:18:bool touchgfx::ManyBlockAllocator<block_size, blocks, bytes_pr_pixel>::hasBlockReadyForTransfer() [with long unsigned int block_size = 1920; long unsigned int blocks = 3; long unsigned int bytes_pr_pixel = 2]	0	static
FrameBufferAllocator.hpp:238:18:bool touchgfx::ManyBlockAllocator<block_size, blocks, bytes_pr_pixel>::hasEmptyBlock() [with long unsigned int block_size = 1920; long unsigned int blocks = 3; long unsigned int bytes_pr_pixel = 2]	0	static
TouchGFXGeneratedHAL.cpp:50:6:virtual void TouchGFXGeneratedHAL::initialize()	16	static
TouchGFXGeneratedHAL.cpp:77:6:virtual bool TouchGFXGeneratedHAL::beginFrame()	8	static
TouchGFXGeneratedHAL.cpp:82:6:virtual void TouchGFXGeneratedHAL::endFrame()	8	static
TouchGFXGeneratedHAL.cpp:110:6:virtual void TouchGFXGeneratedHAL::flushFrameBuffer(const touchgfx::Rect&)	8	static
HAL.hpp:682:18:virtual void touchgfx::HAL::setFrameBufferStartAddresses(void*, void*, void*)	8	static
HAL.hpp:156:18:virtual void touchgfx::HAL::setFrameBufferSize(uint16_t, uint16_t)	8	static
FrameBufferAllocator.hpp:253:18:void touchgfx::ManyBlockAllocator<block_size, blocks, bytes_pr_pixel>::freeBlockAfterTransfer() [with long unsigned int block_size = 1920; long unsigned int blocks = 3; long unsigned int bytes_pr_pixel = 2]	8	static
FrameBufferAllocator.hpp:227:25:const touchgfx::Rect& touchgfx::ManyBlockAllocator<block_size, blocks, bytes_pr_pixel>::peekBlockForTransfer() [with long unsigned int block_size = 1920; long unsigned int blocks = 3; long unsigned int bytes_pr_pixel = 2]	8	static
FrameBufferAllocator.hpp:214:28:const uint8_t* touchgfx::ManyBlockAllocator<block_size, blocks, bytes_pr_pixel>::getBlockForTransfer(touchgfx::Rect&) [with long unsigned int block_size = 1920; long unsigned int blocks = 3; long unsigned int bytes_pr_pixel = 2]	16	static
HAL.hpp:603:18:virtual void touchgfx::HAL::backPorchExited()	8	static
TouchGFXGeneratedHAL.hpp:108:18:virtual void TouchGFXGeneratedHAL::flushFrameBuffer()	8	static
FrameBufferAllocator.hpp:133:7:virtual touchgfx::ManyBlockAllocator<1920, 3, 2>::~ManyBlockAllocator()	8	static
TouchGFXGeneratedHAL.hpp:31:7:virtual TouchGFXGeneratedHAL::~TouchGFXGeneratedHAL()	8	static
HAL.hpp:298:28:virtual touchgfx::BlitOperations touchgfx::HAL::getBlitCaps()	8	static
HAL.hpp:1122:18:virtual void touchgfx::HAL::performDisplayOrientationChange()	8	static
TouchGFXGeneratedHAL.cpp:117:6:virtual bool TouchGFXGeneratedHAL::blockCopy(void*, const void*, uint32_t)	24	static
TouchGFXGeneratedHAL.cpp:139:13:void touchgfx::FrameBufferAllocatorWaitOnTransfer()	0	static
FrameBufferAllocator.hpp:159:22:uint16_t touchgfx::ManyBlockAllocator<block_size, blocks, bytes_pr_pixel>::allocateBlock(uint16_t, uint16_t, uint16_t, uint16_t, uint8_t**) [with long unsigned int block_size = 1920; long unsigned int blocks = 3; long unsigned int bytes_pr_pixel = 2]	32	static
TouchGFXGeneratedHAL.cpp:151:13:void touchgfx::FrameBufferAllocatorSignalBlockDrawn()	0	static
FrameBufferAllocator.hpp:183:18:void touchgfx::ManyBlockAllocator<block_size, blocks, bytes_pr_pixel>::markBlockReadyForTransfer() [with long unsigned int block_size = 1920; long unsigned int blocks = 3; long unsigned int bytes_pr_pixel = 2]	8	static
TouchGFXGeneratedHAL.cpp:161:12:int touchgfx::transmitActive()	8	static
TouchGFXGeneratedHAL.cpp:169:12:int touchgfx::shouldTransferBlock(uint16_t)	8	static
TouchGFXGeneratedHAL.cpp:177:13:void touchgfx::transmitBlock(const uint8_t*, uint16_t, uint16_t, uint16_t, uint16_t)	16	static
TouchGFXGeneratedHAL.cpp:183:6:void touchgfx::DisplayDriver_TransferCompleteCallback()	8	static
TouchGFXGeneratedHAL.cpp:191:6:void touchgfxSignalVSync()	8	static
TouchGFXGeneratedHAL.cpp:198:1:cpp)	8	static
