stm32l4xx_nucleo_bus.c:101:9:BSP_SPI1_Init	16	static
stm32l4xx_nucleo_bus.c:142:9:BSP_SPI1_DeInit	16	static
stm32l4xx_nucleo_bus.c:168:9:BSP_SPI1_Send	24	static
stm32l4xx_nucleo_bus.c:185:10:BSP_SPI1_Recv	24	static
stm32l4xx_nucleo_bus.c:202:9:BSP_SPI1_SendRecv	40	static
stm32l4xx_nucleo_bus.c:219:9:BSP_SPI1_Send_DMA	24	static
stm32l4xx_nucleo_bus.c:236:10:BSP_SPI1_Recv_DMA	24	static
stm32l4xx_nucleo_bus.c:253:9:BSP_SPI1_SendRecv_DMA	32	static
stm32l4xx_nucleo_bus.c:270:9:BSP_SPI2_Init	16	static
stm32l4xx_nucleo_bus.c:311:9:BSP_SPI2_DeInit	16	static
stm32l4xx_nucleo_bus.c:337:9:BSP_SPI2_Send	24	static
stm32l4xx_nucleo_bus.c:354:10:BSP_SPI2_Recv	24	static
stm32l4xx_nucleo_bus.c:371:9:BSP_SPI2_SendRecv	40	static
stm32l4xx_nucleo_bus.c:388:9:BSP_SPI2_Send_DMA	24	static
stm32l4xx_nucleo_bus.c:405:10:BSP_SPI2_Recv_DMA	24	static
stm32l4xx_nucleo_bus.c:422:9:BSP_SPI2_SendRecv_DMA	32	static
stm32l4xx_nucleo_bus.c:438:9:BSP_SPI1_RegisterDefaultMspCallbacks	8	static
stm32l4xx_nucleo_bus.c:464:9:BSP_SPI1_RegisterMspCallbacks	16	static
stm32l4xx_nucleo_bus.c:491:9:BSP_SPI2_RegisterDefaultMspCallbacks	8	static
stm32l4xx_nucleo_bus.c:517:9:BSP_SPI2_RegisterMspCallbacks	16	static
stm32l4xx_nucleo_bus.c:544:9:BSP_GetTick	8	static
stm32l4xx_nucleo_bus.c:550:26:MX_SPI1_Init	24	static
stm32l4xx_nucleo_bus.c:578:13:SPI1_MspInit	48	static
stm32l4xx_nucleo_bus.c:656:13:SPI1_MspDeInit	16	static
stm32l4xx_nucleo_bus.c:689:26:MX_SPI2_Init	24	static
stm32l4xx_nucleo_bus.c:717:13:SPI2_MspInit	48	static
stm32l4xx_nucleo_bus.c:796:13:SPI2_MspDeInit	16	static
