main.c:102:5:main	24	static,ignoring_inline_asm
main.c:202:6:SystemClock_Config	120	static
main.c:260:6:PeriphCommonClock_Config	192	static
main.c:288:13:MX_ADC2_Init	40	static
main.c:345:13:MX_CRC_Init	8	static
main.c:376:13:MX_DMA2D_Init	8	static
main.c:416:13:MX_I2C4_Init	8	static
main.c:462:13:MX_LTDC_Init	64	static
main.c:524:13:MX_OCTOSPI1_Init	16	static
main.c:580:13:MX_GPIO_Init	64	static
main.c:664:6:StartDefaultTask	16	static
main.c:678:6:MPU_Config	24	static
main.c:734:6:HAL_TIM_PeriodElapsedCallback	16	static
main.c:751:6:Error_Handler	4	static
