main.c:105:5:main	24	static,ignoring_inline_asm
main.c:206:6:SystemClock_Config	120	static
main.c:264:6:PeriphCommonClock_Config	192	static
main.c:292:13:MX_ADC1_Init	48	static
main.c:357:13:MX_CRC_Init	8	static
main.c:388:13:MX_DMA2D_Init	8	static
main.c:428:13:MX_I2C4_Init	8	static
main.c:474:13:MX_LTDC_Init	64	static
main.c:536:13:MX_OCTOSPI1_Init	16	static
main.c:592:13:MX_TIM1_Init	96	static
main.c:662:13:MX_GPIO_Init	64	static
main.c:736:6:HAL_ADC_ConvCplt_Callback	16	static
main.c:750:6:StartDefaultTask	16	static
main.c:764:6:MPU_Config	24	static
main.c:820:6:HAL_TIM_PeriodElapsedCallback	16	static
main.c:837:6:Error_Handler	4	static
